Progress: resolved 1, reused 0, downloaded 0, added 0
[WARN] GET https://registry.npmjs.org/is-plain-object error (ENOTFOUND). Will retry in 10 seconds. 2 retries left.
Progress: resolved 127, reused 127, downloaded 0, added 0
Progress: resolved 128, reused 128, downloaded 0, added 0
Progress: resolved 129, reused 128, downloaded 0, added 0
Progress: resolved 685, reused 680, downloaded 0, added 0
Progress: resolved 946, reused 946, downloaded 0, added 0
[WARN] 42 deprecated subdependencies found: @humanwhocodes/config-array@0.13.0, @humanwhocodes/object-schema@2.0.3, are-we-there-yet@1.1.7, axios@0.18.0, boom@2.10.1, conventional-changelog-atom@2.0.8, conventional-changelog-codemirror@2.0.8, conventional-changelog-core@4.2.4, conventional-changelog-ember@2.0.9, conventional-changelog-eslint@3.0.9, conventional-changelog-express@2.0.6, conventional-changelog-jquery@3.0.11, conventional-changelog-jshint@2.0.9, cryptiles@2.0.5, eslint@8.57.1, gauge@2.7.4, git-raw-commits@2.0.11, git-semver-tags@4.1.1, github@2.4.0, glob@7.1.2, glob@7.2.3, har-validator@4.2.1, hawk@3.1.3, hoek@2.16.3, inflight@1.0.6, nomnom@1.8.1, npm-registry-client@8.6.0, npmlog@4.1.2, osenv@0.1.5, q@1.4.1, q@1.5.0, q@1.5.1, q@2.0.3, request@2.81.0, rimraf@2.7.1, rimraf@3.0.2, sliced@1.0.1, sntp@1.0.9, stringify-package@1.0.1, tsml@1.0.1, uuid@2.0.3, uuid@3.4.0
Packages: +948
++++++++++++++++++++++++++++++++++++++++++++++++++++++++++++++++++++++++++++++++
Packages are cloned from the content-addressable store to the virtual store.
  Content-addressable store is at: /Users/kikobeats/Library/pnpm/store/v11
  Virtual store is at:             node_modules/.pnpm
Progress: resolved 967, reused 948, downloaded 0, added 615
Progress: resolved 967, reused 948, downloaded 0, added 948, done
.../node_modules/spawn-sync postinstall$ node postinstall
.../node_modules/simple-git-hooks postinstall$ node ./postinstall.js
.../node_modules/spawn-sync postinstall: Done
.../node_modules/simple-git-hooks postinstall: Done

dependencies:
+ @kikobeats/got 11.8.8
+ tldts 7.4.13

devDependencies:
+ @commitlint/cli 21.2.2
+ @commitlint/config-conventional 21.2.2
+ @microlink/demo-links 1.0.18
+ ava 7.0.0 (8.0.1 is available)
+ benchmark 2.1.4
+ big-list-of-naughty-strings 1.0.0
+ c8 12.0.0
+ chalk 6.0.0
+ ci-publish 1.3.1
+ finepack 2.12.20
+ git-authors-cli 1.0.54
+ github-generate-release 1.0.16
+ nano-staged 1.0.2
+ oembed-parser 3.1.6-rc1
+ simple-git-hooks 2.14.0
+ standard 17.1.2
+ standard-version 9.5.0

Done in 15s using pnpm v11.20.0
